
T2497.hs:15:1: Warning: Defined but not used: `beq'
