
T4912.hs:10:10: Warning: orphan instance: instance Foo TheirData

T4912.hs:13:10: Warning: orphan instance: instance Bar OurData
