
tc141.hs:11:15: Not in scope: type variable `a'

tc141.hs:11:20: Not in scope: type variable `a'

tc141.hs:13:16: Not in scope: type variable `a'
