
tc167.hs:8:11:
    Expecting a lifted type, but `Int#' is unlifted
    In the type signature for `f': f :: (->) Int# Int#
